host: DESKTOP-P7H38JU
Building DAG of jobs...
Provided cores: 12
Rules claiming more threads will be scaled down.
Job stats:
job               count
--------------  -------
test_transform        1
total                 1

Select jobs to execute...
Execute 1 jobs...

[Sat Nov  9 11:42:09 2024]
localrule test_transform:
    input: data/input.csv
    output: data/output.csv
    jobid: 0
    reason: Missing output files: data/output.csv
    resources: tmpdir=C:\Users\Sam\AppData\Local\Temp

[Sat Nov  9 11:42:09 2024]
Error in rule test_transform:
    jobid: 0
    input: data/input.csv
    output: data/output.csv
    shell:
        &"C:/Program Files/R/R-4.4.1/bin/Rscript.exe" test_transform.R "data/input.csv" -> "data/output.csv"
        (one of the commands exited with non-zero exit code; note that snakemake uses bash strict mode!)

Shutting down, this might take some time.
Exiting because a job execution failed. Look above for error message
Complete log: .snakemake\log\2024-11-09T114209.087463.snakemake.log
WorkflowError:
At least one job did not complete successfully.
