host: DESKTOP-P7H38JU
Building DAG of jobs...
Provided cores: 12
Rules claiming more threads will be scaled down.
Job stats:
job               count
--------------  -------
test_transform        1
total                 1

Select jobs to execute...
Execute 1 jobs...

[Sat Nov  9 11:47:14 2024]
localrule test_transform:
    input: data/input.csv
    output: data/output.csv
    jobid: 0
    reason: Missing output files: data/output.csv
    resources: tmpdir=C:\Users\Sam\AppData\Local\Temp

[Sat Nov  9 11:47:15 2024]
Finished job 0.
1 of 1 steps (100%) done
Complete log: .snakemake\log\2024-11-09T114714.762429.snakemake.log
